 assingment1

 Timestamp is 630528b0 (Tue Aug 23 21:21:20 2022)

 Preferred load address is 00400000

 Start         Length     Name                   Class
 0001:00000000 00001fbaH .text                   CODE
 0002:00000000 00000121H .rdata                  DATA
 0002:00000121 00000000H .edata                  DATA
 0003:00000000 00000a9eH .data                   DATA
 0003:00000aa0 00000275H .bss                    DATA
 0004:00000000 00000014H .idata$2                DATA
 0004:00000014 00000014H .idata$3                DATA
 0004:00000028 0000007cH .idata$4                DATA
 0004:000000a4 0000007cH .idata$5                DATA
 0004:00000120 00000292H .idata$6                DATA

  Address         Publics by Value              Rva+Base     Lib:Object

 0001:00000038       _locateCursor@0            00401038 f   assingment1.obj
 0001:00000042       _usernameProcedure@0       00401042 f   assingment1.obj
 0001:00000061       _delayAndClearScreen@0     00401061 f   assingment1.obj
 0001:00000085       _sumOfIntegers@0           00401085 f   assingment1.obj
 0001:000000e6       _main@0                    004010e6 f   assingment1.obj
 0001:00000138       _Clrscr@0                  00401138 f   irvine32:Irvine32.obj
 0001:000001fd       _Crlf@0                    004011fd f   irvine32:Irvine32.obj
 0001:00000218       _Delay@0                   00401218 f   irvine32:Irvine32.obj
 0001:00000221       _DumpMem@0                 00401221 f   irvine32:Irvine32.obj
 0001:000002f1       _DumpRegs@0                004012f1 f   irvine32:Irvine32.obj
 0001:000004c3       _GetCommandtail@0          004014c3 f   irvine32:Irvine32.obj
 0001:000004e7       _GetDateTime@4             004014e7 f   irvine32:Irvine32.obj
 0001:00000519       _GetMaxXY@0                00401519 f   irvine32:Irvine32.obj
 0001:0000054c       _GetMseconds@0             0040154c f   irvine32:Irvine32.obj
 0001:000005a9       _Gotoxy@0                  004015a9 f   irvine32:Irvine32.obj
 0001:000005df       _IsDigit@0                 004015df f   irvine32:Irvine32.obj
 0001:000005ec       _RandomRange@0             004015ec f   irvine32:Irvine32.obj
 0001:00000601       _Random32@0                00401601 f   irvine32:Irvine32.obj
 0001:0000061c       _Randomize@0               0040161c f   irvine32:Irvine32.obj
 0001:00000635       _ReadChar@0                00401635 f   irvine32:Irvine32.obj
 0001:00000695       _ReadDec@0                 00401695 f   irvine32:Irvine32.obj
 0001:00000702       _ReadHex@0                 00401702 f   irvine32:Irvine32.obj
 0001:0000077d       _ReadInt@0                 0040177d f   irvine32:Irvine32.obj
 0001:0000083f       _ReadString@0              0040183f f   irvine32:Irvine32.obj
 0001:000008ec       _SetTextColor@0            004018ec f   irvine32:Irvine32.obj
 0001:00000911       _Str_compare@8             00401911 f   irvine32:Irvine32.obj
 0001:0000093b       _Str_copy@8                0040193b f   irvine32:Irvine32.obj
 0001:0000095e       _Str_length@4              0040195e f   irvine32:Irvine32.obj
 0001:00000978       _Str_trim@8                00401978 f   irvine32:Irvine32.obj
 0001:000009a5       _Str_ucase@4               004019a5 f   irvine32:Irvine32.obj
 0001:000009c7       _WaitMsg@0                 004019c7 f   irvine32:Irvine32.obj
 0001:00000a1b       _WriteBin@0                00401a1b f   irvine32:Irvine32.obj
 0001:00000a28       _WriteBinB@0               00401a28 f   irvine32:Irvine32.obj
 0001:00000a7b       _WriteChar@0               00401a7b f   irvine32:Irvine32.obj
 0001:00000aad       _WriteDec@0                00401aad f   irvine32:Irvine32.obj
 0001:00000aee       _WriteHex@0                00401aee f   irvine32:Irvine32.obj
 0001:00000afb       _WriteHexB@0               00401afb f   irvine32:Irvine32.obj
 0001:00000b8d       _WriteInt@0                00401b8d f   irvine32:Irvine32.obj
 0001:00000bee       _WriteString@0             00401bee f   irvine32:Irvine32.obj
 0001:00000c7a       _ExitProcess@4             00401c7a f   kernel32:KERNEL32.dll
 0001:00000c80       _FlushConsoleInputBuffer@4 00401c80 f   kernel32:KERNEL32.dll
 0001:00000c86       _GetCommandLineA@0         00401c86 f   kernel32:KERNEL32.dll
 0001:00000c8c       _GetConsoleMode@8          00401c8c f   kernel32:KERNEL32.dll
 0001:00000c92       _GetConsoleScreenBufferInfo@8 00401c92 f   kernel32:KERNEL32.dll
 0001:00000c98       _GetLocalTime@4            00401c98 f   kernel32:KERNEL32.dll
 0001:00000c9e       _GetStdHandle@4            00401c9e f   kernel32:KERNEL32.dll
 0001:00000ca4       _GetSystemTime@4           00401ca4 f   kernel32:KERNEL32.dll
 0001:00000caa       _ReadConsoleA@20           00401caa f   kernel32:KERNEL32.dll
 0001:00000cb0       _SetConsoleCursorPosition@8 00401cb0 f   kernel32:KERNEL32.dll
 0001:00000cb6       _SetConsoleMode@8          00401cb6 f   kernel32:KERNEL32.dll
 0001:00000cbc       _SetConsoleTextAttribute@8 00401cbc f   kernel32:KERNEL32.dll
 0001:00000cc2       _Sleep@4                   00401cc2 f   kernel32:KERNEL32.dll
 0001:00000cc8       _SystemTimeToFileTime@8    00401cc8 f   kernel32:KERNEL32.dll
 0001:00000cce       _WriteConsoleA@20          00401cce f   kernel32:KERNEL32.dll
 0001:00000cd4       _WriteConsoleOutputCharacterA@20 00401cd4 f   kernel32:KERNEL32.dll
 0001:00000cda       _WriteConsoleOutputAttribute@20 00401cda f   kernel32:KERNEL32.dll
 0004:00000000       __IMPORT_DESCRIPTOR_KERNEL32 00405000     kernel32:KERNEL32.dll
 0004:00000014       __NULL_IMPORT_DESCRIPTOR   00405014     kernel32:KERNEL32.dll
 0004:000000a4       __imp__ExitProcess@4       004050a4     kernel32:KERNEL32.dll
 0004:000000a8       __imp__FlushConsoleInputBuffer@4 004050a8     kernel32:KERNEL32.dll
 0004:000000ac       __imp__GetCommandLineA@0   004050ac     kernel32:KERNEL32.dll
 0004:000000b0       __imp__GetConsoleMode@8    004050b0     kernel32:KERNEL32.dll
 0004:000000b4       __imp__GetConsoleScreenBufferInfo@8 004050b4     kernel32:KERNEL32.dll
 0004:000000b8       __imp__GetLocalTime@4      004050b8     kernel32:KERNEL32.dll
 0004:000000bc       __imp__GetStdHandle@4      004050bc     kernel32:KERNEL32.dll
 0004:000000c0       __imp__GetSystemTime@4     004050c0     kernel32:KERNEL32.dll
 0004:000000c4       __imp__ReadConsoleA@20     004050c4     kernel32:KERNEL32.dll
 0004:000000c8       __imp__SetConsoleCursorPosition@8 004050c8     kernel32:KERNEL32.dll
 0004:000000cc       __imp__SetConsoleMode@8    004050cc     kernel32:KERNEL32.dll
 0004:000000d0       __imp__SetConsoleTextAttribute@8 004050d0     kernel32:KERNEL32.dll
 0004:000000d4       __imp__Sleep@4             004050d4     kernel32:KERNEL32.dll
 0004:000000d8       __imp__SystemTimeToFileTime@8 004050d8     kernel32:KERNEL32.dll
 0004:000000dc       __imp__WriteConsoleA@20    004050dc     kernel32:KERNEL32.dll
 0004:000000e0       __imp__WriteConsoleOutputCharacterA@20 004050e0     kernel32:KERNEL32.dll
 0004:000000e4       __imp__WriteConsoleOutputAttribute@20 004050e4     kernel32:KERNEL32.dll
 0004:000000e8       \177KERNEL32_NULL_THUNK_DATA 004050e8     kernel32:KERNEL32.dll

 entry point at        0001:000000e6

