 assignment2

 Timestamp is 63110e0b (Thu Sep 01 21:54:51 2022)

 Preferred load address is 00400000

 Start         Length     Name                   Class
 0001:00000000 00001f5dH .text                   CODE
 0002:00000000 00000121H .rdata                  DATA
 0002:00000121 00000000H .edata                  DATA
 0003:00000000 00000a8aH .data                   DATA
 0003:00000a8c 00000279H .bss                    DATA
 0004:00000000 00000014H .idata$2                DATA
 0004:00000014 00000014H .idata$3                DATA
 0004:00000028 0000007cH .idata$4                DATA
 0004:000000a4 0000007cH .idata$5                DATA
 0004:00000120 00000292H .idata$6                DATA

  Address         Publics by Value              Rva+Base     Lib:Object

 0001:00000030       _nameAndAge@0              00401030 f   assignment2.obj
 0001:00000068       _isVoting@0                00401068 f   assignment2.obj
 0001:0000007d       _isNotVoting@0             0040107d f   assignment2.obj
 0001:00000092       _main@0                    00401092 f   assignment2.obj
 0001:000000d8       _Clrscr@0                  004010d8 f   irvine32:Irvine32.obj
 0001:0000019d       _Crlf@0                    0040119d f   irvine32:Irvine32.obj
 0001:000001b8       _Delay@0                   004011b8 f   irvine32:Irvine32.obj
 0001:000001c1       _DumpMem@0                 004011c1 f   irvine32:Irvine32.obj
 0001:00000291       _DumpRegs@0                00401291 f   irvine32:Irvine32.obj
 0001:00000463       _GetCommandtail@0          00401463 f   irvine32:Irvine32.obj
 0001:00000487       _GetDateTime@4             00401487 f   irvine32:Irvine32.obj
 0001:000004b9       _GetMaxXY@0                004014b9 f   irvine32:Irvine32.obj
 0001:000004ec       _GetMseconds@0             004014ec f   irvine32:Irvine32.obj
 0001:00000549       _Gotoxy@0                  00401549 f   irvine32:Irvine32.obj
 0001:0000057f       _IsDigit@0                 0040157f f   irvine32:Irvine32.obj
 0001:0000058c       _RandomRange@0             0040158c f   irvine32:Irvine32.obj
 0001:000005a1       _Random32@0                004015a1 f   irvine32:Irvine32.obj
 0001:000005bc       _Randomize@0               004015bc f   irvine32:Irvine32.obj
 0001:000005d5       _ReadChar@0                004015d5 f   irvine32:Irvine32.obj
 0001:00000635       _ReadDec@0                 00401635 f   irvine32:Irvine32.obj
 0001:000006a2       _ReadHex@0                 004016a2 f   irvine32:Irvine32.obj
 0001:0000071d       _ReadInt@0                 0040171d f   irvine32:Irvine32.obj
 0001:000007df       _ReadString@0              004017df f   irvine32:Irvine32.obj
 0001:0000088c       _SetTextColor@0            0040188c f   irvine32:Irvine32.obj
 0001:000008b1       _Str_compare@8             004018b1 f   irvine32:Irvine32.obj
 0001:000008db       _Str_copy@8                004018db f   irvine32:Irvine32.obj
 0001:000008fe       _Str_length@4              004018fe f   irvine32:Irvine32.obj
 0001:00000918       _Str_trim@8                00401918 f   irvine32:Irvine32.obj
 0001:00000945       _Str_ucase@4               00401945 f   irvine32:Irvine32.obj
 0001:00000967       _WaitMsg@0                 00401967 f   irvine32:Irvine32.obj
 0001:000009bb       _WriteBin@0                004019bb f   irvine32:Irvine32.obj
 0001:000009c8       _WriteBinB@0               004019c8 f   irvine32:Irvine32.obj
 0001:00000a1b       _WriteChar@0               00401a1b f   irvine32:Irvine32.obj
 0001:00000a4d       _WriteDec@0                00401a4d f   irvine32:Irvine32.obj
 0001:00000a8e       _WriteHex@0                00401a8e f   irvine32:Irvine32.obj
 0001:00000a9b       _WriteHexB@0               00401a9b f   irvine32:Irvine32.obj
 0001:00000b2d       _WriteInt@0                00401b2d f   irvine32:Irvine32.obj
 0001:00000b8e       _WriteString@0             00401b8e f   irvine32:Irvine32.obj
 0001:00000c1a       _ExitProcess@4             00401c1a f   kernel32:KERNEL32.dll
 0001:00000c20       _FlushConsoleInputBuffer@4 00401c20 f   kernel32:KERNEL32.dll
 0001:00000c26       _GetCommandLineA@0         00401c26 f   kernel32:KERNEL32.dll
 0001:00000c2c       _GetConsoleMode@8          00401c2c f   kernel32:KERNEL32.dll
 0001:00000c32       _GetConsoleScreenBufferInfo@8 00401c32 f   kernel32:KERNEL32.dll
 0001:00000c38       _GetLocalTime@4            00401c38 f   kernel32:KERNEL32.dll
 0001:00000c3e       _GetStdHandle@4            00401c3e f   kernel32:KERNEL32.dll
 0001:00000c44       _GetSystemTime@4           00401c44 f   kernel32:KERNEL32.dll
 0001:00000c4a       _ReadConsoleA@20           00401c4a f   kernel32:KERNEL32.dll
 0001:00000c50       _SetConsoleCursorPosition@8 00401c50 f   kernel32:KERNEL32.dll
 0001:00000c56       _SetConsoleMode@8          00401c56 f   kernel32:KERNEL32.dll
 0001:00000c5c       _SetConsoleTextAttribute@8 00401c5c f   kernel32:KERNEL32.dll
 0001:00000c62       _Sleep@4                   00401c62 f   kernel32:KERNEL32.dll
 0001:00000c68       _SystemTimeToFileTime@8    00401c68 f   kernel32:KERNEL32.dll
 0001:00000c6e       _WriteConsoleA@20          00401c6e f   kernel32:KERNEL32.dll
 0001:00000c74       _WriteConsoleOutputCharacterA@20 00401c74 f   kernel32:KERNEL32.dll
 0001:00000c7a       _WriteConsoleOutputAttribute@20 00401c7a f   kernel32:KERNEL32.dll
 0004:00000000       __IMPORT_DESCRIPTOR_KERNEL32 00405000     kernel32:KERNEL32.dll
 0004:00000014       __NULL_IMPORT_DESCRIPTOR   00405014     kernel32:KERNEL32.dll
 0004:000000a4       __imp__ExitProcess@4       004050a4     kernel32:KERNEL32.dll
 0004:000000a8       __imp__FlushConsoleInputBuffer@4 004050a8     kernel32:KERNEL32.dll
 0004:000000ac       __imp__GetCommandLineA@0   004050ac     kernel32:KERNEL32.dll
 0004:000000b0       __imp__GetConsoleMode@8    004050b0     kernel32:KERNEL32.dll
 0004:000000b4       __imp__GetConsoleScreenBufferInfo@8 004050b4     kernel32:KERNEL32.dll
 0004:000000b8       __imp__GetLocalTime@4      004050b8     kernel32:KERNEL32.dll
 0004:000000bc       __imp__GetStdHandle@4      004050bc     kernel32:KERNEL32.dll
 0004:000000c0       __imp__GetSystemTime@4     004050c0     kernel32:KERNEL32.dll
 0004:000000c4       __imp__ReadConsoleA@20     004050c4     kernel32:KERNEL32.dll
 0004:000000c8       __imp__SetConsoleCursorPosition@8 004050c8     kernel32:KERNEL32.dll
 0004:000000cc       __imp__SetConsoleMode@8    004050cc     kernel32:KERNEL32.dll
 0004:000000d0       __imp__SetConsoleTextAttribute@8 004050d0     kernel32:KERNEL32.dll
 0004:000000d4       __imp__Sleep@4             004050d4     kernel32:KERNEL32.dll
 0004:000000d8       __imp__SystemTimeToFileTime@8 004050d8     kernel32:KERNEL32.dll
 0004:000000dc       __imp__WriteConsoleA@20    004050dc     kernel32:KERNEL32.dll
 0004:000000e0       __imp__WriteConsoleOutputCharacterA@20 004050e0     kernel32:KERNEL32.dll
 0004:000000e4       __imp__WriteConsoleOutputAttribute@20 004050e4     kernel32:KERNEL32.dll
 0004:000000e8       \177KERNEL32_NULL_THUNK_DATA 004050e8     kernel32:KERNEL32.dll

 entry point at        0001:00000092

