 loop

 Timestamp is 6195fc4c (Thu Nov 18 09:10:04 2021)

 Preferred load address is 00400000

 Start         Length     Name                   Class
 0001:00000000 00001eb5H .text                   CODE
 0002:00000000 00000121H .rdata                  DATA
 0002:00000121 00000000H .edata                  DATA
 0003:00000000 000009fdH .data                   DATA
 0003:00000a00 00000275H .bss                    DATA
 0004:00000000 00000014H .idata$2                DATA
 0004:00000014 00000014H .idata$3                DATA
 0004:00000028 00000078H .idata$4                DATA
 0004:000000a0 00000078H .idata$5                DATA
 0004:00000118 00000283H .idata$6                DATA

  Address         Publics by Value              Rva+Base     Lib:Object

 0001:00000010       _main@0                    00401010 f   loop.obj
 0001:0000002c       _Clrscr@0                  0040102c f   irvine32:Irvine32.obj
 0001:000000f1       _Crlf@0                    004010f1 f   irvine32:Irvine32.obj
 0001:0000010c       _Delay@0                   0040110c f   irvine32:Irvine32.obj
 0001:00000115       _DumpMem@0                 00401115 f   irvine32:Irvine32.obj
 0001:000001e5       _DumpRegs@0                004011e5 f   irvine32:Irvine32.obj
 0001:000003b7       _GetCommandtail@0          004013b7 f   irvine32:Irvine32.obj
 0001:000003db       _GetDateTime@4             004013db f   irvine32:Irvine32.obj
 0001:0000040d       _GetMaxXY@0                0040140d f   irvine32:Irvine32.obj
 0001:00000440       _GetMseconds@0             00401440 f   irvine32:Irvine32.obj
 0001:0000049d       _Gotoxy@0                  0040149d f   irvine32:Irvine32.obj
 0001:000004d3       _IsDigit@0                 004014d3 f   irvine32:Irvine32.obj
 0001:000004e0       _RandomRange@0             004014e0 f   irvine32:Irvine32.obj
 0001:000004f5       _Random32@0                004014f5 f   irvine32:Irvine32.obj
 0001:00000510       _Randomize@0               00401510 f   irvine32:Irvine32.obj
 0001:00000529       _ReadChar@0                00401529 f   irvine32:Irvine32.obj
 0001:00000589       _ReadDec@0                 00401589 f   irvine32:Irvine32.obj
 0001:000005f6       _ReadHex@0                 004015f6 f   irvine32:Irvine32.obj
 0001:00000671       _ReadInt@0                 00401671 f   irvine32:Irvine32.obj
 0001:00000733       _ReadString@0              00401733 f   irvine32:Irvine32.obj
 0001:000007e0       _SetTextColor@0            004017e0 f   irvine32:Irvine32.obj
 0001:00000805       _Str_compare@8             00401805 f   irvine32:Irvine32.obj
 0001:0000082f       _Str_copy@8                0040182f f   irvine32:Irvine32.obj
 0001:00000852       _Str_length@4              00401852 f   irvine32:Irvine32.obj
 0001:0000086c       _Str_trim@8                0040186c f   irvine32:Irvine32.obj
 0001:00000899       _Str_ucase@4               00401899 f   irvine32:Irvine32.obj
 0001:000008bb       _WaitMsg@0                 004018bb f   irvine32:Irvine32.obj
 0001:0000090f       _WriteBin@0                0040190f f   irvine32:Irvine32.obj
 0001:0000091c       _WriteBinB@0               0040191c f   irvine32:Irvine32.obj
 0001:0000096f       _WriteChar@0               0040196f f   irvine32:Irvine32.obj
 0001:000009a1       _WriteDec@0                004019a1 f   irvine32:Irvine32.obj
 0001:000009e2       _WriteHex@0                004019e2 f   irvine32:Irvine32.obj
 0001:000009ef       _WriteHexB@0               004019ef f   irvine32:Irvine32.obj
 0001:00000a81       _WriteInt@0                00401a81 f   irvine32:Irvine32.obj
 0001:00000ae2       _WriteString@0             00401ae2 f   irvine32:Irvine32.obj
 0001:00000b6e       _FlushConsoleInputBuffer@4 00401b6e f   kernel32:KERNEL32.dll
 0001:00000b74       _GetCommandLineA@0         00401b74 f   kernel32:KERNEL32.dll
 0001:00000b7a       _GetConsoleMode@8          00401b7a f   kernel32:KERNEL32.dll
 0001:00000b80       _GetConsoleScreenBufferInfo@8 00401b80 f   kernel32:KERNEL32.dll
 0001:00000b86       _GetLocalTime@4            00401b86 f   kernel32:KERNEL32.dll
 0001:00000b8c       _GetStdHandle@4            00401b8c f   kernel32:KERNEL32.dll
 0001:00000b92       _GetSystemTime@4           00401b92 f   kernel32:KERNEL32.dll
 0001:00000b98       _ReadConsoleA@20           00401b98 f   kernel32:KERNEL32.dll
 0001:00000b9e       _SetConsoleCursorPosition@8 00401b9e f   kernel32:KERNEL32.dll
 0001:00000ba4       _SetConsoleMode@8          00401ba4 f   kernel32:KERNEL32.dll
 0001:00000baa       _SetConsoleTextAttribute@8 00401baa f   kernel32:KERNEL32.dll
 0001:00000bb0       _Sleep@4                   00401bb0 f   kernel32:KERNEL32.dll
 0001:00000bb6       _SystemTimeToFileTime@8    00401bb6 f   kernel32:KERNEL32.dll
 0001:00000bbc       _WriteConsoleA@20          00401bbc f   kernel32:KERNEL32.dll
 0001:00000bc2       _WriteConsoleOutputCharacterA@20 00401bc2 f   kernel32:KERNEL32.dll
 0001:00000bc8       _WriteConsoleOutputAttribute@20 00401bc8 f   kernel32:KERNEL32.dll
 0004:00000000       __IMPORT_DESCRIPTOR_KERNEL32 00405000     kernel32:KERNEL32.dll
 0004:00000014       __NULL_IMPORT_DESCRIPTOR   00405014     kernel32:KERNEL32.dll
 0004:000000a0       __imp__FlushConsoleInputBuffer@4 004050a0     kernel32:KERNEL32.dll
 0004:000000a4       __imp__GetCommandLineA@0   004050a4     kernel32:KERNEL32.dll
 0004:000000a8       __imp__GetConsoleMode@8    004050a8     kernel32:KERNEL32.dll
 0004:000000ac       __imp__GetConsoleScreenBufferInfo@8 004050ac     kernel32:KERNEL32.dll
 0004:000000b0       __imp__GetLocalTime@4      004050b0     kernel32:KERNEL32.dll
 0004:000000b4       __imp__GetStdHandle@4      004050b4     kernel32:KERNEL32.dll
 0004:000000b8       __imp__GetSystemTime@4     004050b8     kernel32:KERNEL32.dll
 0004:000000bc       __imp__ReadConsoleA@20     004050bc     kernel32:KERNEL32.dll
 0004:000000c0       __imp__SetConsoleCursorPosition@8 004050c0     kernel32:KERNEL32.dll
 0004:000000c4       __imp__SetConsoleMode@8    004050c4     kernel32:KERNEL32.dll
 0004:000000c8       __imp__SetConsoleTextAttribute@8 004050c8     kernel32:KERNEL32.dll
 0004:000000cc       __imp__Sleep@4             004050cc     kernel32:KERNEL32.dll
 0004:000000d0       __imp__SystemTimeToFileTime@8 004050d0     kernel32:KERNEL32.dll
 0004:000000d4       __imp__WriteConsoleA@20    004050d4     kernel32:KERNEL32.dll
 0004:000000d8       __imp__WriteConsoleOutputCharacterA@20 004050d8     kernel32:KERNEL32.dll
 0004:000000dc       __imp__WriteConsoleOutputAttribute@20 004050dc     kernel32:KERNEL32.dll
 0004:000000e0       \177KERNEL32_NULL_THUNK_DATA 004050e0     kernel32:KERNEL32.dll

 entry point at        0001:00000010

