 project1

 Timestamp is 652457fe (Mon Oct 09 21:43:58 2023)

 Preferred load address is 00400000

 Start         Length     Name                   Class
 0001:00000000 00001ef4H .text                   CODE
 0002:00000000 00000121H .rdata                  DATA
 0002:00000121 00000000H .edata                  DATA
 0003:00000000 00000a1eH .data                   DATA
 0003:00000a20 00000275H .bss                    DATA
 0004:00000000 00000014H .idata$2                DATA
 0004:00000014 00000014H .idata$3                DATA
 0004:00000028 0000007cH .idata$4                DATA
 0004:000000a4 0000007cH .idata$5                DATA
 0004:00000120 00000292H .idata$6                DATA

  Address         Publics by Value              Rva+Base     Lib:Object

 0001:00000010       _main@0                    00401010 f   project1.obj
 0001:00000064       _Clrscr@0                  00401064 f   irvine32:Irvine32.obj
 0001:00000129       _Crlf@0                    00401129 f   irvine32:Irvine32.obj
 0001:00000144       _Delay@0                   00401144 f   irvine32:Irvine32.obj
 0001:0000014d       _DumpMem@0                 0040114d f   irvine32:Irvine32.obj
 0001:0000021d       _DumpRegs@0                0040121d f   irvine32:Irvine32.obj
 0001:000003ef       _GetCommandtail@0          004013ef f   irvine32:Irvine32.obj
 0001:00000413       _GetDateTime@4             00401413 f   irvine32:Irvine32.obj
 0001:00000445       _GetMaxXY@0                00401445 f   irvine32:Irvine32.obj
 0001:00000478       _GetMseconds@0             00401478 f   irvine32:Irvine32.obj
 0001:000004d5       _Gotoxy@0                  004014d5 f   irvine32:Irvine32.obj
 0001:0000050b       _IsDigit@0                 0040150b f   irvine32:Irvine32.obj
 0001:00000518       _RandomRange@0             00401518 f   irvine32:Irvine32.obj
 0001:0000052d       _Random32@0                0040152d f   irvine32:Irvine32.obj
 0001:00000548       _Randomize@0               00401548 f   irvine32:Irvine32.obj
 0001:00000561       _ReadChar@0                00401561 f   irvine32:Irvine32.obj
 0001:000005c1       _ReadDec@0                 004015c1 f   irvine32:Irvine32.obj
 0001:0000062e       _ReadHex@0                 0040162e f   irvine32:Irvine32.obj
 0001:000006a9       _ReadInt@0                 004016a9 f   irvine32:Irvine32.obj
 0001:0000076b       _ReadString@0              0040176b f   irvine32:Irvine32.obj
 0001:00000818       _SetTextColor@0            00401818 f   irvine32:Irvine32.obj
 0001:0000083d       _Str_compare@8             0040183d f   irvine32:Irvine32.obj
 0001:00000867       _Str_copy@8                00401867 f   irvine32:Irvine32.obj
 0001:0000088a       _Str_length@4              0040188a f   irvine32:Irvine32.obj
 0001:000008a4       _Str_trim@8                004018a4 f   irvine32:Irvine32.obj
 0001:000008d1       _Str_ucase@4               004018d1 f   irvine32:Irvine32.obj
 0001:000008f3       _WaitMsg@0                 004018f3 f   irvine32:Irvine32.obj
 0001:00000947       _WriteBin@0                00401947 f   irvine32:Irvine32.obj
 0001:00000954       _WriteBinB@0               00401954 f   irvine32:Irvine32.obj
 0001:000009a7       _WriteChar@0               004019a7 f   irvine32:Irvine32.obj
 0001:000009d9       _WriteDec@0                004019d9 f   irvine32:Irvine32.obj
 0001:00000a1a       _WriteHex@0                00401a1a f   irvine32:Irvine32.obj
 0001:00000a27       _WriteHexB@0               00401a27 f   irvine32:Irvine32.obj
 0001:00000ab9       _WriteInt@0                00401ab9 f   irvine32:Irvine32.obj
 0001:00000b1a       _WriteString@0             00401b1a f   irvine32:Irvine32.obj
 0001:00000ba6       _ExitProcess@4             00401ba6 f   kernel32:KERNEL32.dll
 0001:00000bac       _FlushConsoleInputBuffer@4 00401bac f   kernel32:KERNEL32.dll
 0001:00000bb2       _GetCommandLineA@0         00401bb2 f   kernel32:KERNEL32.dll
 0001:00000bb8       _GetConsoleMode@8          00401bb8 f   kernel32:KERNEL32.dll
 0001:00000bbe       _GetConsoleScreenBufferInfo@8 00401bbe f   kernel32:KERNEL32.dll
 0001:00000bc4       _GetLocalTime@4            00401bc4 f   kernel32:KERNEL32.dll
 0001:00000bca       _GetStdHandle@4            00401bca f   kernel32:KERNEL32.dll
 0001:00000bd0       _GetSystemTime@4           00401bd0 f   kernel32:KERNEL32.dll
 0001:00000bd6       _ReadConsoleA@20           00401bd6 f   kernel32:KERNEL32.dll
 0001:00000bdc       _SetConsoleCursorPosition@8 00401bdc f   kernel32:KERNEL32.dll
 0001:00000be2       _SetConsoleMode@8          00401be2 f   kernel32:KERNEL32.dll
 0001:00000be8       _SetConsoleTextAttribute@8 00401be8 f   kernel32:KERNEL32.dll
 0001:00000bee       _Sleep@4                   00401bee f   kernel32:KERNEL32.dll
 0001:00000bf4       _SystemTimeToFileTime@8    00401bf4 f   kernel32:KERNEL32.dll
 0001:00000bfa       _WriteConsoleA@20          00401bfa f   kernel32:KERNEL32.dll
 0001:00000c00       _WriteConsoleOutputCharacterA@20 00401c00 f   kernel32:KERNEL32.dll
 0001:00000c06       _WriteConsoleOutputAttribute@20 00401c06 f   kernel32:KERNEL32.dll
 0004:00000000       __IMPORT_DESCRIPTOR_KERNEL32 00405000     kernel32:KERNEL32.dll
 0004:00000014       __NULL_IMPORT_DESCRIPTOR   00405014     kernel32:KERNEL32.dll
 0004:000000a4       __imp__ExitProcess@4       004050a4     kernel32:KERNEL32.dll
 0004:000000a8       __imp__FlushConsoleInputBuffer@4 004050a8     kernel32:KERNEL32.dll
 0004:000000ac       __imp__GetCommandLineA@0   004050ac     kernel32:KERNEL32.dll
 0004:000000b0       __imp__GetConsoleMode@8    004050b0     kernel32:KERNEL32.dll
 0004:000000b4       __imp__GetConsoleScreenBufferInfo@8 004050b4     kernel32:KERNEL32.dll
 0004:000000b8       __imp__GetLocalTime@4      004050b8     kernel32:KERNEL32.dll
 0004:000000bc       __imp__GetStdHandle@4      004050bc     kernel32:KERNEL32.dll
 0004:000000c0       __imp__GetSystemTime@4     004050c0     kernel32:KERNEL32.dll
 0004:000000c4       __imp__ReadConsoleA@20     004050c4     kernel32:KERNEL32.dll
 0004:000000c8       __imp__SetConsoleCursorPosition@8 004050c8     kernel32:KERNEL32.dll
 0004:000000cc       __imp__SetConsoleMode@8    004050cc     kernel32:KERNEL32.dll
 0004:000000d0       __imp__SetConsoleTextAttribute@8 004050d0     kernel32:KERNEL32.dll
 0004:000000d4       __imp__Sleep@4             004050d4     kernel32:KERNEL32.dll
 0004:000000d8       __imp__SystemTimeToFileTime@8 004050d8     kernel32:KERNEL32.dll
 0004:000000dc       __imp__WriteConsoleA@20    004050dc     kernel32:KERNEL32.dll
 0004:000000e0       __imp__WriteConsoleOutputCharacterA@20 004050e0     kernel32:KERNEL32.dll
 0004:000000e4       __imp__WriteConsoleOutputAttribute@20 004050e4     kernel32:KERNEL32.dll
 0004:000000e8       \177KERNEL32_NULL_THUNK_DATA 004050e8     kernel32:KERNEL32.dll

 entry point at        0001:00000010

