 project

 Timestamp is 653aa379 (Thu Oct 26 19:35:53 2023)

 Preferred load address is 00400000

 Start         Length     Name                   Class
 0001:00000000 00001ee4H .text                   CODE
 0002:00000000 00000121H .rdata                  DATA
 0002:00000121 00000000H .edata                  DATA
 0003:00000000 00000a26H .data                   DATA
 0003:00000a28 00000275H .bss                    DATA
 0004:00000000 00000014H .idata$2                DATA
 0004:00000014 00000014H .idata$3                DATA
 0004:00000028 0000007cH .idata$4                DATA
 0004:000000a4 0000007cH .idata$5                DATA
 0004:00000120 00000292H .idata$6                DATA

  Address         Publics by Value              Rva+Base     Lib:Object

 0001:00000010       _main@0                    00401010 f   project.obj
 0001:00000054       _Clrscr@0                  00401054 f   irvine32:Irvine32.obj
 0001:00000119       _Crlf@0                    00401119 f   irvine32:Irvine32.obj
 0001:00000134       _Delay@0                   00401134 f   irvine32:Irvine32.obj
 0001:0000013d       _DumpMem@0                 0040113d f   irvine32:Irvine32.obj
 0001:0000020d       _DumpRegs@0                0040120d f   irvine32:Irvine32.obj
 0001:000003df       _GetCommandtail@0          004013df f   irvine32:Irvine32.obj
 0001:00000403       _GetDateTime@4             00401403 f   irvine32:Irvine32.obj
 0001:00000435       _GetMaxXY@0                00401435 f   irvine32:Irvine32.obj
 0001:00000468       _GetMseconds@0             00401468 f   irvine32:Irvine32.obj
 0001:000004c5       _Gotoxy@0                  004014c5 f   irvine32:Irvine32.obj
 0001:000004fb       _IsDigit@0                 004014fb f   irvine32:Irvine32.obj
 0001:00000508       _RandomRange@0             00401508 f   irvine32:Irvine32.obj
 0001:0000051d       _Random32@0                0040151d f   irvine32:Irvine32.obj
 0001:00000538       _Randomize@0               00401538 f   irvine32:Irvine32.obj
 0001:00000551       _ReadChar@0                00401551 f   irvine32:Irvine32.obj
 0001:000005b1       _ReadDec@0                 004015b1 f   irvine32:Irvine32.obj
 0001:0000061e       _ReadHex@0                 0040161e f   irvine32:Irvine32.obj
 0001:00000699       _ReadInt@0                 00401699 f   irvine32:Irvine32.obj
 0001:0000075b       _ReadString@0              0040175b f   irvine32:Irvine32.obj
 0001:00000808       _SetTextColor@0            00401808 f   irvine32:Irvine32.obj
 0001:0000082d       _Str_compare@8             0040182d f   irvine32:Irvine32.obj
 0001:00000857       _Str_copy@8                00401857 f   irvine32:Irvine32.obj
 0001:0000087a       _Str_length@4              0040187a f   irvine32:Irvine32.obj
 0001:00000894       _Str_trim@8                00401894 f   irvine32:Irvine32.obj
 0001:000008c1       _Str_ucase@4               004018c1 f   irvine32:Irvine32.obj
 0001:000008e3       _WaitMsg@0                 004018e3 f   irvine32:Irvine32.obj
 0001:00000937       _WriteBin@0                00401937 f   irvine32:Irvine32.obj
 0001:00000944       _WriteBinB@0               00401944 f   irvine32:Irvine32.obj
 0001:00000997       _WriteChar@0               00401997 f   irvine32:Irvine32.obj
 0001:000009c9       _WriteDec@0                004019c9 f   irvine32:Irvine32.obj
 0001:00000a0a       _WriteHex@0                00401a0a f   irvine32:Irvine32.obj
 0001:00000a17       _WriteHexB@0               00401a17 f   irvine32:Irvine32.obj
 0001:00000aa9       _WriteInt@0                00401aa9 f   irvine32:Irvine32.obj
 0001:00000b0a       _WriteString@0             00401b0a f   irvine32:Irvine32.obj
 0001:00000b96       _ExitProcess@4             00401b96 f   kernel32:KERNEL32.dll
 0001:00000b9c       _FlushConsoleInputBuffer@4 00401b9c f   kernel32:KERNEL32.dll
 0001:00000ba2       _GetCommandLineA@0         00401ba2 f   kernel32:KERNEL32.dll
 0001:00000ba8       _GetConsoleMode@8          00401ba8 f   kernel32:KERNEL32.dll
 0001:00000bae       _GetConsoleScreenBufferInfo@8 00401bae f   kernel32:KERNEL32.dll
 0001:00000bb4       _GetLocalTime@4            00401bb4 f   kernel32:KERNEL32.dll
 0001:00000bba       _GetStdHandle@4            00401bba f   kernel32:KERNEL32.dll
 0001:00000bc0       _GetSystemTime@4           00401bc0 f   kernel32:KERNEL32.dll
 0001:00000bc6       _ReadConsoleA@20           00401bc6 f   kernel32:KERNEL32.dll
 0001:00000bcc       _SetConsoleCursorPosition@8 00401bcc f   kernel32:KERNEL32.dll
 0001:00000bd2       _SetConsoleMode@8          00401bd2 f   kernel32:KERNEL32.dll
 0001:00000bd8       _SetConsoleTextAttribute@8 00401bd8 f   kernel32:KERNEL32.dll
 0001:00000bde       _Sleep@4                   00401bde f   kernel32:KERNEL32.dll
 0001:00000be4       _SystemTimeToFileTime@8    00401be4 f   kernel32:KERNEL32.dll
 0001:00000bea       _WriteConsoleA@20          00401bea f   kernel32:KERNEL32.dll
 0001:00000bf0       _WriteConsoleOutputCharacterA@20 00401bf0 f   kernel32:KERNEL32.dll
 0001:00000bf6       _WriteConsoleOutputAttribute@20 00401bf6 f   kernel32:KERNEL32.dll
 0004:00000000       __IMPORT_DESCRIPTOR_KERNEL32 00405000     kernel32:KERNEL32.dll
 0004:00000014       __NULL_IMPORT_DESCRIPTOR   00405014     kernel32:KERNEL32.dll
 0004:000000a4       __imp__ExitProcess@4       004050a4     kernel32:KERNEL32.dll
 0004:000000a8       __imp__FlushConsoleInputBuffer@4 004050a8     kernel32:KERNEL32.dll
 0004:000000ac       __imp__GetCommandLineA@0   004050ac     kernel32:KERNEL32.dll
 0004:000000b0       __imp__GetConsoleMode@8    004050b0     kernel32:KERNEL32.dll
 0004:000000b4       __imp__GetConsoleScreenBufferInfo@8 004050b4     kernel32:KERNEL32.dll
 0004:000000b8       __imp__GetLocalTime@4      004050b8     kernel32:KERNEL32.dll
 0004:000000bc       __imp__GetStdHandle@4      004050bc     kernel32:KERNEL32.dll
 0004:000000c0       __imp__GetSystemTime@4     004050c0     kernel32:KERNEL32.dll
 0004:000000c4       __imp__ReadConsoleA@20     004050c4     kernel32:KERNEL32.dll
 0004:000000c8       __imp__SetConsoleCursorPosition@8 004050c8     kernel32:KERNEL32.dll
 0004:000000cc       __imp__SetConsoleMode@8    004050cc     kernel32:KERNEL32.dll
 0004:000000d0       __imp__SetConsoleTextAttribute@8 004050d0     kernel32:KERNEL32.dll
 0004:000000d4       __imp__Sleep@4             004050d4     kernel32:KERNEL32.dll
 0004:000000d8       __imp__SystemTimeToFileTime@8 004050d8     kernel32:KERNEL32.dll
 0004:000000dc       __imp__WriteConsoleA@20    004050dc     kernel32:KERNEL32.dll
 0004:000000e0       __imp__WriteConsoleOutputCharacterA@20 004050e0     kernel32:KERNEL32.dll
 0004:000000e4       __imp__WriteConsoleOutputAttribute@20 004050e4     kernel32:KERNEL32.dll
 0004:000000e8       \177KERNEL32_NULL_THUNK_DATA 004050e8     kernel32:KERNEL32.dll

 entry point at        0001:00000010

