 shiftInstruction

 Timestamp is 61962443 (Thu Nov 18 12:00:35 2021)

 Preferred load address is 00400000

 Start         Length     Name                   Class
 0001:00000000 00001eb8H .text                   CODE
 0002:00000000 00000121H .rdata                  DATA
 0002:00000121 00000000H .edata                  DATA
 0003:00000000 000009fdH .data                   DATA
 0003:00000a00 00000275H .bss                    DATA
 0004:00000000 00000014H .idata$2                DATA
 0004:00000014 00000014H .idata$3                DATA
 0004:00000028 00000078H .idata$4                DATA
 0004:000000a0 00000078H .idata$5                DATA
 0004:00000118 00000283H .idata$6                DATA

  Address         Publics by Value              Rva+Base     Lib:Object

 0001:00000010       _main@0                    00401010 f   shiftInstruction.obj
 0001:00000030       _Clrscr@0                  00401030 f   irvine32:Irvine32.obj
 0001:000000f5       _Crlf@0                    004010f5 f   irvine32:Irvine32.obj
 0001:00000110       _Delay@0                   00401110 f   irvine32:Irvine32.obj
 0001:00000119       _DumpMem@0                 00401119 f   irvine32:Irvine32.obj
 0001:000001e9       _DumpRegs@0                004011e9 f   irvine32:Irvine32.obj
 0001:000003bb       _GetCommandtail@0          004013bb f   irvine32:Irvine32.obj
 0001:000003df       _GetDateTime@4             004013df f   irvine32:Irvine32.obj
 0001:00000411       _GetMaxXY@0                00401411 f   irvine32:Irvine32.obj
 0001:00000444       _GetMseconds@0             00401444 f   irvine32:Irvine32.obj
 0001:000004a1       _Gotoxy@0                  004014a1 f   irvine32:Irvine32.obj
 0001:000004d7       _IsDigit@0                 004014d7 f   irvine32:Irvine32.obj
 0001:000004e4       _RandomRange@0             004014e4 f   irvine32:Irvine32.obj
 0001:000004f9       _Random32@0                004014f9 f   irvine32:Irvine32.obj
 0001:00000514       _Randomize@0               00401514 f   irvine32:Irvine32.obj
 0001:0000052d       _ReadChar@0                0040152d f   irvine32:Irvine32.obj
 0001:0000058d       _ReadDec@0                 0040158d f   irvine32:Irvine32.obj
 0001:000005fa       _ReadHex@0                 004015fa f   irvine32:Irvine32.obj
 0001:00000675       _ReadInt@0                 00401675 f   irvine32:Irvine32.obj
 0001:00000737       _ReadString@0              00401737 f   irvine32:Irvine32.obj
 0001:000007e4       _SetTextColor@0            004017e4 f   irvine32:Irvine32.obj
 0001:00000809       _Str_compare@8             00401809 f   irvine32:Irvine32.obj
 0001:00000833       _Str_copy@8                00401833 f   irvine32:Irvine32.obj
 0001:00000856       _Str_length@4              00401856 f   irvine32:Irvine32.obj
 0001:00000870       _Str_trim@8                00401870 f   irvine32:Irvine32.obj
 0001:0000089d       _Str_ucase@4               0040189d f   irvine32:Irvine32.obj
 0001:000008bf       _WaitMsg@0                 004018bf f   irvine32:Irvine32.obj
 0001:00000913       _WriteBin@0                00401913 f   irvine32:Irvine32.obj
 0001:00000920       _WriteBinB@0               00401920 f   irvine32:Irvine32.obj
 0001:00000973       _WriteChar@0               00401973 f   irvine32:Irvine32.obj
 0001:000009a5       _WriteDec@0                004019a5 f   irvine32:Irvine32.obj
 0001:000009e6       _WriteHex@0                004019e6 f   irvine32:Irvine32.obj
 0001:000009f3       _WriteHexB@0               004019f3 f   irvine32:Irvine32.obj
 0001:00000a85       _WriteInt@0                00401a85 f   irvine32:Irvine32.obj
 0001:00000ae6       _WriteString@0             00401ae6 f   irvine32:Irvine32.obj
 0001:00000b72       _FlushConsoleInputBuffer@4 00401b72 f   kernel32:KERNEL32.dll
 0001:00000b78       _GetCommandLineA@0         00401b78 f   kernel32:KERNEL32.dll
 0001:00000b7e       _GetConsoleMode@8          00401b7e f   kernel32:KERNEL32.dll
 0001:00000b84       _GetConsoleScreenBufferInfo@8 00401b84 f   kernel32:KERNEL32.dll
 0001:00000b8a       _GetLocalTime@4            00401b8a f   kernel32:KERNEL32.dll
 0001:00000b90       _GetStdHandle@4            00401b90 f   kernel32:KERNEL32.dll
 0001:00000b96       _GetSystemTime@4           00401b96 f   kernel32:KERNEL32.dll
 0001:00000b9c       _ReadConsoleA@20           00401b9c f   kernel32:KERNEL32.dll
 0001:00000ba2       _SetConsoleCursorPosition@8 00401ba2 f   kernel32:KERNEL32.dll
 0001:00000ba8       _SetConsoleMode@8          00401ba8 f   kernel32:KERNEL32.dll
 0001:00000bae       _SetConsoleTextAttribute@8 00401bae f   kernel32:KERNEL32.dll
 0001:00000bb4       _Sleep@4                   00401bb4 f   kernel32:KERNEL32.dll
 0001:00000bba       _SystemTimeToFileTime@8    00401bba f   kernel32:KERNEL32.dll
 0001:00000bc0       _WriteConsoleA@20          00401bc0 f   kernel32:KERNEL32.dll
 0001:00000bc6       _WriteConsoleOutputCharacterA@20 00401bc6 f   kernel32:KERNEL32.dll
 0001:00000bcc       _WriteConsoleOutputAttribute@20 00401bcc f   kernel32:KERNEL32.dll
 0004:00000000       __IMPORT_DESCRIPTOR_KERNEL32 00405000     kernel32:KERNEL32.dll
 0004:00000014       __NULL_IMPORT_DESCRIPTOR   00405014     kernel32:KERNEL32.dll
 0004:000000a0       __imp__FlushConsoleInputBuffer@4 004050a0     kernel32:KERNEL32.dll
 0004:000000a4       __imp__GetCommandLineA@0   004050a4     kernel32:KERNEL32.dll
 0004:000000a8       __imp__GetConsoleMode@8    004050a8     kernel32:KERNEL32.dll
 0004:000000ac       __imp__GetConsoleScreenBufferInfo@8 004050ac     kernel32:KERNEL32.dll
 0004:000000b0       __imp__GetLocalTime@4      004050b0     kernel32:KERNEL32.dll
 0004:000000b4       __imp__GetStdHandle@4      004050b4     kernel32:KERNEL32.dll
 0004:000000b8       __imp__GetSystemTime@4     004050b8     kernel32:KERNEL32.dll
 0004:000000bc       __imp__ReadConsoleA@20     004050bc     kernel32:KERNEL32.dll
 0004:000000c0       __imp__SetConsoleCursorPosition@8 004050c0     kernel32:KERNEL32.dll
 0004:000000c4       __imp__SetConsoleMode@8    004050c4     kernel32:KERNEL32.dll
 0004:000000c8       __imp__SetConsoleTextAttribute@8 004050c8     kernel32:KERNEL32.dll
 0004:000000cc       __imp__Sleep@4             004050cc     kernel32:KERNEL32.dll
 0004:000000d0       __imp__SystemTimeToFileTime@8 004050d0     kernel32:KERNEL32.dll
 0004:000000d4       __imp__WriteConsoleA@20    004050d4     kernel32:KERNEL32.dll
 0004:000000d8       __imp__WriteConsoleOutputCharacterA@20 004050d8     kernel32:KERNEL32.dll
 0004:000000dc       __imp__WriteConsoleOutputAttribute@20 004050dc     kernel32:KERNEL32.dll
 0004:000000e0       \177KERNEL32_NULL_THUNK_DATA 004050e0     kernel32:KERNEL32.dll

 entry point at        0001:00000010

