 summingelements

 Timestamp is 6524485c (Mon Oct 09 20:37:16 2023)

 Preferred load address is 00400000

 Start         Length     Name                   Class
 0001:00000000 00001ef8H .text                   CODE
 0002:00000000 00000121H .rdata                  DATA
 0002:00000121 00000000H .edata                  DATA
 0003:00000000 00000a1aH .data                   DATA
 0003:00000a1c 00000275H .bss                    DATA
 0004:00000000 00000014H .idata$2                DATA
 0004:00000014 00000014H .idata$3                DATA
 0004:00000028 0000007cH .idata$4                DATA
 0004:000000a4 0000007cH .idata$5                DATA
 0004:00000120 00000292H .idata$6                DATA

  Address         Publics by Value              Rva+Base     Lib:Object

 0001:00000010       _main@0                    00401010 f   summingelements.obj
 0001:00000068       _Clrscr@0                  00401068 f   irvine32:Irvine32.obj
 0001:0000012d       _Crlf@0                    0040112d f   irvine32:Irvine32.obj
 0001:00000148       _Delay@0                   00401148 f   irvine32:Irvine32.obj
 0001:00000151       _DumpMem@0                 00401151 f   irvine32:Irvine32.obj
 0001:00000221       _DumpRegs@0                00401221 f   irvine32:Irvine32.obj
 0001:000003f3       _GetCommandtail@0          004013f3 f   irvine32:Irvine32.obj
 0001:00000417       _GetDateTime@4             00401417 f   irvine32:Irvine32.obj
 0001:00000449       _GetMaxXY@0                00401449 f   irvine32:Irvine32.obj
 0001:0000047c       _GetMseconds@0             0040147c f   irvine32:Irvine32.obj
 0001:000004d9       _Gotoxy@0                  004014d9 f   irvine32:Irvine32.obj
 0001:0000050f       _IsDigit@0                 0040150f f   irvine32:Irvine32.obj
 0001:0000051c       _RandomRange@0             0040151c f   irvine32:Irvine32.obj
 0001:00000531       _Random32@0                00401531 f   irvine32:Irvine32.obj
 0001:0000054c       _Randomize@0               0040154c f   irvine32:Irvine32.obj
 0001:00000565       _ReadChar@0                00401565 f   irvine32:Irvine32.obj
 0001:000005c5       _ReadDec@0                 004015c5 f   irvine32:Irvine32.obj
 0001:00000632       _ReadHex@0                 00401632 f   irvine32:Irvine32.obj
 0001:000006ad       _ReadInt@0                 004016ad f   irvine32:Irvine32.obj
 0001:0000076f       _ReadString@0              0040176f f   irvine32:Irvine32.obj
 0001:0000081c       _SetTextColor@0            0040181c f   irvine32:Irvine32.obj
 0001:00000841       _Str_compare@8             00401841 f   irvine32:Irvine32.obj
 0001:0000086b       _Str_copy@8                0040186b f   irvine32:Irvine32.obj
 0001:0000088e       _Str_length@4              0040188e f   irvine32:Irvine32.obj
 0001:000008a8       _Str_trim@8                004018a8 f   irvine32:Irvine32.obj
 0001:000008d5       _Str_ucase@4               004018d5 f   irvine32:Irvine32.obj
 0001:000008f7       _WaitMsg@0                 004018f7 f   irvine32:Irvine32.obj
 0001:0000094b       _WriteBin@0                0040194b f   irvine32:Irvine32.obj
 0001:00000958       _WriteBinB@0               00401958 f   irvine32:Irvine32.obj
 0001:000009ab       _WriteChar@0               004019ab f   irvine32:Irvine32.obj
 0001:000009dd       _WriteDec@0                004019dd f   irvine32:Irvine32.obj
 0001:00000a1e       _WriteHex@0                00401a1e f   irvine32:Irvine32.obj
 0001:00000a2b       _WriteHexB@0               00401a2b f   irvine32:Irvine32.obj
 0001:00000abd       _WriteInt@0                00401abd f   irvine32:Irvine32.obj
 0001:00000b1e       _WriteString@0             00401b1e f   irvine32:Irvine32.obj
 0001:00000baa       _ExitProcess@4             00401baa f   kernel32:KERNEL32.dll
 0001:00000bb0       _FlushConsoleInputBuffer@4 00401bb0 f   kernel32:KERNEL32.dll
 0001:00000bb6       _GetCommandLineA@0         00401bb6 f   kernel32:KERNEL32.dll
 0001:00000bbc       _GetConsoleMode@8          00401bbc f   kernel32:KERNEL32.dll
 0001:00000bc2       _GetConsoleScreenBufferInfo@8 00401bc2 f   kernel32:KERNEL32.dll
 0001:00000bc8       _GetLocalTime@4            00401bc8 f   kernel32:KERNEL32.dll
 0001:00000bce       _GetStdHandle@4            00401bce f   kernel32:KERNEL32.dll
 0001:00000bd4       _GetSystemTime@4           00401bd4 f   kernel32:KERNEL32.dll
 0001:00000bda       _ReadConsoleA@20           00401bda f   kernel32:KERNEL32.dll
 0001:00000be0       _SetConsoleCursorPosition@8 00401be0 f   kernel32:KERNEL32.dll
 0001:00000be6       _SetConsoleMode@8          00401be6 f   kernel32:KERNEL32.dll
 0001:00000bec       _SetConsoleTextAttribute@8 00401bec f   kernel32:KERNEL32.dll
 0001:00000bf2       _Sleep@4                   00401bf2 f   kernel32:KERNEL32.dll
 0001:00000bf8       _SystemTimeToFileTime@8    00401bf8 f   kernel32:KERNEL32.dll
 0001:00000bfe       _WriteConsoleA@20          00401bfe f   kernel32:KERNEL32.dll
 0001:00000c04       _WriteConsoleOutputCharacterA@20 00401c04 f   kernel32:KERNEL32.dll
 0001:00000c0a       _WriteConsoleOutputAttribute@20 00401c0a f   kernel32:KERNEL32.dll
 0004:00000000       __IMPORT_DESCRIPTOR_KERNEL32 00405000     kernel32:KERNEL32.dll
 0004:00000014       __NULL_IMPORT_DESCRIPTOR   00405014     kernel32:KERNEL32.dll
 0004:000000a4       __imp__ExitProcess@4       004050a4     kernel32:KERNEL32.dll
 0004:000000a8       __imp__FlushConsoleInputBuffer@4 004050a8     kernel32:KERNEL32.dll
 0004:000000ac       __imp__GetCommandLineA@0   004050ac     kernel32:KERNEL32.dll
 0004:000000b0       __imp__GetConsoleMode@8    004050b0     kernel32:KERNEL32.dll
 0004:000000b4       __imp__GetConsoleScreenBufferInfo@8 004050b4     kernel32:KERNEL32.dll
 0004:000000b8       __imp__GetLocalTime@4      004050b8     kernel32:KERNEL32.dll
 0004:000000bc       __imp__GetStdHandle@4      004050bc     kernel32:KERNEL32.dll
 0004:000000c0       __imp__GetSystemTime@4     004050c0     kernel32:KERNEL32.dll
 0004:000000c4       __imp__ReadConsoleA@20     004050c4     kernel32:KERNEL32.dll
 0004:000000c8       __imp__SetConsoleCursorPosition@8 004050c8     kernel32:KERNEL32.dll
 0004:000000cc       __imp__SetConsoleMode@8    004050cc     kernel32:KERNEL32.dll
 0004:000000d0       __imp__SetConsoleTextAttribute@8 004050d0     kernel32:KERNEL32.dll
 0004:000000d4       __imp__Sleep@4             004050d4     kernel32:KERNEL32.dll
 0004:000000d8       __imp__SystemTimeToFileTime@8 004050d8     kernel32:KERNEL32.dll
 0004:000000dc       __imp__WriteConsoleA@20    004050dc     kernel32:KERNEL32.dll
 0004:000000e0       __imp__WriteConsoleOutputCharacterA@20 004050e0     kernel32:KERNEL32.dll
 0004:000000e4       __imp__WriteConsoleOutputAttribute@20 004050e4     kernel32:KERNEL32.dll
 0004:000000e8       \177KERNEL32_NULL_THUNK_DATA 004050e8     kernel32:KERNEL32.dll

 entry point at        0001:00000010

